warning: field `cpu` is never read
    --> crates/redline-rocr/src/runtime.rs:1427:5
     |
1423 | struct KernargPoolInner {
     |        ---------------- field in this struct
...
1427 |     cpu: Option<abi::Agent>,
     |     ^^^
     |
     = note: `#[warn(dead_code)]` (part of `#[warn(unused)]`) on by default

warning: field `device_local` is never read
    --> crates/redline-rocr/src/runtime.rs:1825:5
     |
1823 | pub struct KernargBuffer {
     |            ------------- field in this struct
1824 |     pool: Arc<KernargPoolInner>,
1825 |     device_local: bool,
     |     ^^^^^^^^^^^^

warning: field `fn_comm_init_all` is never read
  --> crates/hip-bridge/src/rccl.rs:78:5
   |
74 | pub struct RcclComms {
   |            --------- field in this struct
...
78 |     fn_comm_init_all: unsafe extern "C" fn(*mut NcclComm, c_int, *const c_int) -> u32,
   |     ^^^^^^^^^^^^^^^^
   |
   = note: `#[warn(dead_code)]` (part of `#[warn(unused)]`) on by default

warning: variant `SolutionIndex` is never constructed
  --> crates/hip-bridge/src/rocblas.rs:64:5
   |
62 | pub enum RocblasGemmAlgo {
   |          --------------- variant in this enum
63 |     Standard = 160,
64 |     SolutionIndex = 161,
   |     ^^^^^^^^^^^^^
   |
   = note: `RocblasGemmAlgo` has derived impls for the traits `Clone` and `Debug`, but these are intentionally ignored during dead code analysis

warning: `redline-rocr` (lib) generated 2 warnings
warning: `hip-bridge` (lib) generated 2 warnings
warning: unused variable: `func`
    --> crates/rdna-compute/src/attention.rs:6295:13
     |
6295 |         let func = &self.functions["kv_cache_write"];
     |             ^^^^ help: if this is intentional, prefix it with an underscore: `_func`
     |
     = note: `#[warn(unused_variables)]` (part of `#[warn(unused)]`) on by default

warning: unused variable: `head_dim`
    --> crates/rdna-compute/src/dispatch.rs:2384:9
     |
2384 |         head_dim: usize,
     |         ^^^^^^^^ help: if this is intentional, prefix it with an underscore: `_head_dim`

warning: unused variable: `force_baseline`
   --> crates/rdna-compute/src/kernels.rs:372:5
    |
372 |     force_baseline: bool,
    |     ^^^^^^^^^^^^^^ help: if this is intentional, prefix it with an underscore: `_force_baseline`

warning: unused variable: `force_baseline`
   --> crates/rdna-compute/src/kernels.rs:389:5
    |
389 |     force_baseline: bool,
    |     ^^^^^^^^^^^^^^ help: if this is intentional, prefix it with an underscore: `_force_baseline`

warning: unused variable: `arch`
   --> crates/rdna-compute/src/kernels.rs:454:9
    |
454 |     let arch = caps.arch();
    |         ^^^^ help: if this is intentional, prefix it with an underscore: `_arch`

warning: unused variable: `arch`
   --> crates/rdna-compute/src/kernels.rs:479:9
    |
479 |     let arch = caps.arch();
    |         ^^^^ help: if this is intentional, prefix it with an underscore: `_arch`

warning: unused variable: `arch`
   --> crates/rdna-compute/src/kernels.rs:504:9
    |
504 |     let arch = caps.arch();
    |         ^^^^ help: if this is intentional, prefix it with an underscore: `_arch`

warning: unused variable: `arch`
   --> crates/rdna-compute/src/kernels.rs:523:9
    |
523 |     let arch = caps.arch();
    |         ^^^^ help: if this is intentional, prefix it with an underscore: `_arch`

warning: unused variable: `arch`
   --> crates/rdna-compute/src/kernels.rs:828:9
    |
828 |     let arch = caps.arch();
    |         ^^^^ help: if this is intentional, prefix it with an underscore: `_arch`

warning: unused variable: `arch`
   --> crates/rdna-compute/src/kernels.rs:855:9
    |
855 |     let arch = caps.arch();
    |         ^^^^ help: if this is intentional, prefix it with an underscore: `_arch`

warning: unused variable: `arch`
   --> crates/rdna-compute/src/kernels.rs:882:9
    |
882 |     let arch = caps.arch();
    |         ^^^^ help: if this is intentional, prefix it with an underscore: `_arch`

warning: unused variable: `arch`
   --> crates/rdna-compute/src/kernels.rs:902:9
    |
902 |     let arch = caps.arch();
    |         ^^^^ help: if this is intentional, prefix it with an underscore: `_arch`

warning: unused variable: `func`
   --> crates/rdna-compute/src/norm.rs:611:13
    |
611 |         let func = &self.functions["rope_f32"];
    |             ^^^^ help: if this is intentional, prefix it with an underscore: `_func`

warning: unused variable: `func`
    --> crates/rdna-compute/src/norm.rs:3971:13
     |
3971 |         let func = &self.functions["bias_add_f32"];
     |             ^^^^ help: if this is intentional, prefix it with an underscore: `_func`

warning: constant `N_TILE` is never used
    --> crates/rdna-compute/src/attention.rs:1986:15
     |
1986 |         const N_TILE: usize = 16;
     |               ^^^^^^
     |
     = note: `#[warn(dead_code)]` (part of `#[warn(unused)]`) on by default

warning: trait `ActivationCapture` is never used
   --> crates/rdna-compute/src/dispatch.rs:384:11
    |
384 | pub trait ActivationCapture: Send + Sync {
    |           ^^^^^^^^^^^^^^^^^

warning: constant `GEMV_MQ5G256_SRC` is never used
    --> crates/rdna-compute/src/kernels.rs:1055:11
     |
1055 | pub const GEMV_MQ5G256_SRC: &str = include_str!("../../../kernels/src/gemv_mq5g256.hip");
     |           ^^^^^^^^^^^^^^^^

warning: field `pgm_rsrc2` is never read
   --> crates/rdna-compute/src/profiler.rs:443:5
    |
441 | struct RawKernelMeta {
    |        ------------- field in this struct
442 |     pgm_rsrc1: u32,
443 |     pgm_rsrc2: u32,
    |     ^^^^^^^^^

warning: `rdna-compute` (lib) generated 18 warnings (run `cargo fix --lib -p rdna-compute` to apply 14 suggestions)
warning: function `f32_to_f16_bytes` is never used
  --> crates/rdna-compute/examples/bench_mq2g256_lloyd_moe_4w.rs:70:4
   |
70 | fn f32_to_f16_bytes(f: &[f32]) -> Vec<u8> {
   |    ^^^^^^^^^^^^^^^^
   |
   = note: `#[warn(dead_code)]` (part of `#[warn(unused)]`) on by default

warning: `rdna-compute` (example "bench_mq2g256_lloyd_moe_4w") generated 1 warning
    Finished `release` profile [optimized] target(s) in 0.07s
